src/app/businessidea/__tests__/accessibility.test.tsx(3,41): error TS7016: Could not find a declaration file for module 'jest-axe'. 'C:/Users/fecajilig/Desktop/backup/node_modules/jest-axe/index.js' implicitly has an 'any' type.
  Try `npm i --save-dev @types/jest-axe` if it exists or add a new declaration (.d.ts) file containing `declare module 'jest-axe';`
src/app/businessidea/__tests__/accessibility.test.tsx(78,21): error TS2339: Property 'toHaveNoViolations' does not exist on type 'JestMatchers<any>'.
src/app/businessidea/__tests__/accessibility.test.tsx(84,21): error TS2339: Property 'toHaveNoViolations' does not exist on type 'JestMatchers<any>'.
src/app/businessidea/__tests__/accessibility.test.tsx(90,21): error TS2339: Property 'toHaveNoViolations' does not exist on type 'JestMatchers<any>'.
src/app/businessidea/__tests__/accessibility.test.tsx(96,21): error TS2339: Property 'toHaveNoViolations' does not exist on type 'JestMatchers<any>'.
src/app/businessidea/__tests__/experience-step.test.tsx(143,9): error TS2353: Object literal may only specify known properties, and 'startDate' does not exist in type 'ExperienceEntry'.
src/app/businessidea/__tests__/experience-step.test.tsx(168,9): error TS2353: Object literal may only specify known properties, and 'startDate' does not exist in type 'ExperienceEntry'.
src/app/businessidea/__tests__/experience-step.test.tsx(195,9): error TS2353: Object literal may only specify known properties, and 'startDate' does not exist in type 'ExperienceEntry'.
src/app/businessidea/__tests__/experience-step.test.tsx(231,9): error TS2353: Object literal may only specify known properties, and 'startDate' does not exist in type 'ExperienceEntry'.
src/app/businessidea/__tests__/experience-step.test.tsx(251,9): error TS2353: Object literal may only specify known properties, and 'startDate' does not exist in type 'ExperienceEntry'.
src/app/businessidea/__tests__/experience-step.test.tsx(270,9): error TS2353: Object literal may only specify known properties, and 'startDate' does not exist in type 'ExperienceEntry'.
src/app/businessidea/__tests__/experience-step.test.tsx(278,9): error TS2353: Object literal may only specify known properties, and 'startDate' does not exist in type 'ExperienceEntry'.
src/app/businessidea/__tests__/profile-context.test.ts(54,9): error TS2322: Type '"working_full_time"' is not assignable to type 'ProfileType'.
src/app/businessidea/__tests__/profile-context.test.ts(55,9): error TS2322: Type '"working_part_time"' is not assignable to type 'ProfileType'.
src/app/businessidea/__tests__/profile-context.test.ts(56,9): error TS2322: Type '"freelancer"' is not assignable to type 'ProfileType'.
src/app/businessidea/__tests__/profile-context.test.ts(57,9): error TS2820: Type '"business_owner"' is not assignable to type 'ProfileType'. Did you mean '"businessOwner"'?
src/app/businessidea/__tests__/profile-context.test.ts(58,9): error TS2322: Type '"stay_at_home_parent"' is not assignable to type 'ProfileType'.
src/app/businessidea/__tests__/profile-context.test.ts(60,9): error TS2322: Type '"career_shifter"' is not assignable to type 'ProfileType'.
src/app/businessidea/__tests__/profile-context.test.ts(61,9): error TS2322: Type '"entrepreneur"' is not assignable to type 'ProfileType'.
src/app/businessidea/__tests__/profile-context.test.ts(62,9): error TS2322: Type '"other"' is not assignable to type 'ProfileType'.
src/app/businessidea/__tests__/profile-context.test.ts(76,59): error TS2339: Property 'entrepreneur' does not exist on type 'Record<ProfileType, ConditionalFieldConfig>'.
src/app/businessidea/__tests__/profile-context.test.ts(91,9): error TS2322: Type '"working_full_time"' is not assignable to type 'ProfileType'.
src/app/businessidea/__tests__/profile-context.test.ts(92,9): error TS2322: Type '"working_part_time"' is not assignable to type 'ProfileType'.
src/app/businessidea/__tests__/profile-context.test.ts(93,9): error TS2322: Type '"freelancer"' is not assignable to type 'ProfileType'.
src/app/businessidea/__tests__/profile-context.test.ts(94,9): error TS2820: Type '"business_owner"' is not assignable to type 'ProfileType'. Did you mean '"businessOwner"'?
src/app/businessidea/__tests__/profile-context.test.ts(95,9): error TS2322: Type '"stay_at_home_parent"' is not assignable to type 'ProfileType'.
src/app/businessidea/__tests__/profile-context.test.ts(97,9): error TS2322: Type '"career_shifter"' is not assignable to type 'ProfileType'.
src/app/businessidea/__tests__/profile-context.test.ts(98,9): error TS2322: Type '"entrepreneur"' is not assignable to type 'ProfileType'.
src/app/businessidea/__tests__/profile-context.test.ts(99,9): error TS2322: Type '"other"' is not assignable to type 'ProfileType'.
src/app/businessidea/__tests__/profile-logic.test.ts(31,9): error TS2322: Type '"working_full_time"' is not assignable to type 'ProfileType'.
src/app/businessidea/__tests__/profile-logic.test.ts(32,9): error TS2322: Type '"working_part_time"' is not assignable to type 'ProfileType'.
src/app/businessidea/__tests__/profile-logic.test.ts(33,9): error TS2322: Type '"freelancer"' is not assignable to type 'ProfileType'.
src/app/businessidea/__tests__/profile-logic.test.ts(34,9): error TS2820: Type '"business_owner"' is not assignable to type 'ProfileType'. Did you mean '"businessOwner"'?
src/app/businessidea/__tests__/profile-logic.test.ts(35,9): error TS2322: Type '"stay_at_home_parent"' is not assignable to type 'ProfileType'.
src/app/businessidea/__tests__/profile-logic.test.ts(37,9): error TS2322: Type '"career_shifter"' is not assignable to type 'ProfileType'.
src/app/businessidea/__tests__/profile-logic.test.ts(38,9): error TS2322: Type '"entrepreneur"' is not assignable to type 'ProfileType'.
src/app/businessidea/__tests__/profile-logic.test.ts(39,9): error TS2322: Type '"other"' is not assignable to type 'ProfileType'.
src/app/businessidea/__tests__/profile-logic.test.ts(75,42): error TS2345: Argument of type '"entrepreneur"' is not assignable to parameter of type 'ProfileType'.
src/app/businessidea/__tests__/profile-logic.test.ts(82,29): error TS2339: Property 'errors' does not exist on type 'ZodError<{ profileType: "student" | "professional" | "business_owner" | "unemployed"; }> | ZodError<Record<string, unknown>> | { issues: { path: string[]; message: string; }[]; }'.
  Property 'errors' does not exist on type 'ZodError<{ profileType: "student" | "professional" | "business_owner" | "unemployed"; }>'.
src/app/businessidea/__tests__/profile-logic.test.ts(82,41): error TS7006: Parameter 'e' implicitly has an 'any' type.
src/app/businessidea/__tests__/profile-logic.test.ts(87,42): error TS2345: Argument of type '"entrepreneur"' is not assignable to parameter of type 'ProfileType'.
src/app/businessidea/__tests__/profile-logic.test.ts(156,59): error TS2339: Property 'entrepreneur' does not exist on type 'Record<ProfileType, ConditionalFieldConfig>'.
src/app/businessidea/__tests__/profile-logic.test.ts(157,57): error TS2339: Property 'freelancer' does not exist on type 'Record<ProfileType, ConditionalFieldConfig>'.
src/app/businessidea/__tests__/profile-navigation.test.ts(37,59): error TS2339: Property 'entrepreneur' does not exist on type 'Record<ProfileType, ConditionalFieldConfig>'.
src/app/businessidea/__tests__/profile-navigation.test.ts(62,9): error TS2322: Type '"working_full_time"' is not assignable to type 'ProfileType'.
src/app/businessidea/__tests__/profile-navigation.test.ts(63,9): error TS2322: Type '"working_part_time"' is not assignable to type 'ProfileType'.
src/app/businessidea/__tests__/profile-navigation.test.ts(64,9): error TS2322: Type '"freelancer"' is not assignable to type 'ProfileType'.
src/app/businessidea/__tests__/profile-navigation.test.ts(65,9): error TS2820: Type '"business_owner"' is not assignable to type 'ProfileType'. Did you mean '"businessOwner"'?
src/app/businessidea/__tests__/profile-navigation.test.ts(66,9): error TS2322: Type '"stay_at_home_parent"' is not assignable to type 'ProfileType'.
src/app/businessidea/__tests__/profile-navigation.test.ts(68,9): error TS2322: Type '"career_shifter"' is not assignable to type 'ProfileType'.
src/app/businessidea/__tests__/profile-navigation.test.ts(69,9): error TS2322: Type '"entrepreneur"' is not assignable to type 'ProfileType'.
src/app/businessidea/__tests__/profile-navigation.test.ts(70,9): error TS2322: Type '"other"' is not assignable to type 'ProfileType'.
src/app/businessidea/__tests__/profile-types.test.ts(20,9): error TS2322: Type '"working_full_time"' is not assignable to type 'ProfileType'.
src/app/businessidea/__tests__/profile-types.test.ts(21,9): error TS2322: Type '"working_part_time"' is not assignable to type 'ProfileType'.
src/app/businessidea/__tests__/profile-types.test.ts(22,9): error TS2322: Type '"freelancer"' is not assignable to type 'ProfileType'.
src/app/businessidea/__tests__/profile-types.test.ts(23,9): error TS2820: Type '"business_owner"' is not assignable to type 'ProfileType'. Did you mean '"businessOwner"'?
src/app/businessidea/__tests__/profile-types.test.ts(24,9): error TS2322: Type '"stay_at_home_parent"' is not assignable to type 'ProfileType'.
src/app/businessidea/__tests__/profile-types.test.ts(26,9): error TS2322: Type '"career_shifter"' is not assignable to type 'ProfileType'.
src/app/businessidea/__tests__/profile-types.test.ts(27,9): error TS2322: Type '"entrepreneur"' is not assignable to type 'ProfileType'.
src/app/businessidea/__tests__/profile-types.test.ts(28,9): error TS2322: Type '"other"' is not assignable to type 'ProfileType'.
src/app/businessidea/__tests__/profile-types.test.ts(50,59): error TS2339: Property 'entrepreneur' does not exist on type 'Record<ProfileType, ConditionalFieldConfig>'.
src/app/businessidea/__tests__/profile-types.test.ts(51,57): error TS2339: Property 'freelancer' does not exist on type 'Record<ProfileType, ConditionalFieldConfig>'.
src/app/businessidea/__tests__/profile-types.test.ts(106,34): error TS2339: Property 'working_full_time' does not exist on type 'Record<ProfileType, string>'.
src/app/businessidea/__tests__/profile-types.test.ts(107,34): error TS2339: Property 'career_shifter' does not exist on type 'Record<ProfileType, string>'.
src/app/businessidea/__tests__/profile-types.test.ts(108,34): error TS2339: Property 'entrepreneur' does not exist on type 'Record<ProfileType, string>'.
src/app/businessidea/components/profile-panel/ReviewStep.tsx(137,38): error TS2339: Property 'currentRole' does not exist on type 'ProfileData'.
src/app/businessidea/components/profile-panel/ReviewStep.tsx(140,82): error TS2339: Property 'currentRole' does not exist on type 'ProfileData'.
src/app/businessidea/components/profile-panel/ReviewStep.tsx(175,37): error TS2339: Property 'startDate' does not exist on type 'ExperienceEntry'.
src/app/businessidea/components/profile-panel/ReviewStep.tsx(175,56): error TS2339: Property 'current' does not exist on type 'ExperienceEntry'.
src/app/businessidea/components/profile-panel/ReviewStep.tsx(175,82): error TS2339: Property 'endDate' does not exist on type 'ExperienceEntry'.
src/app/businessidea/components/profile-panel/ReviewStep.tsx(175,107): error TS2339: Property 'endDate' does not exist on type 'ExperienceEntry'.
src/app/businessidea/context/ProfileContext.tsx(193,69): error TS2367: This comparison appears to be unintentional because the types 'ProfileType' and '""' have no overlap.
src/components/business/BusinessPlanSettings.tsx(7,61): error TS2865: Import 'BusinessPlanSettings' conflicts with local value, so must be declared with a type-only import when 'isolatedModules' is enabled.
src/components/chatbox/__tests__/accessibility.test.tsx(3,41): error TS7016: Could not find a declaration file for module 'jest-axe'. 'C:/Users/fecajilig/Desktop/backup/node_modules/jest-axe/index.js' implicitly has an 'any' type.
  Try `npm i --save-dev @types/jest-axe` if it exists or add a new declaration (.d.ts) file containing `declare module 'jest-axe';`
src/components/chatbox/__tests__/accessibility.test.tsx(80,26): error TS2322: Type '{ children: Element; profileData: { experience: never[]; skills: never[]; certifications: never[]; languages: never[]; }; }' is not assignable to type 'IntrinsicAttributes & { children: ReactNode; }'.
  Property 'profileData' does not exist on type 'IntrinsicAttributes & { children: ReactNode; }'.
src/components/chatbox/__tests__/accessibility.test.tsx(86,23): error TS2339: Property 'toHaveNoViolations' does not exist on type 'JestMatchers<any>'.
src/components/chatbox/__tests__/accessibility.test.tsx(91,26): error TS2322: Type '{ children: Element; profileData: { experience: never[]; skills: never[]; certifications: never[]; languages: never[]; }; }' is not assignable to type 'IntrinsicAttributes & { children: ReactNode; }'.
  Property 'profileData' does not exist on type 'IntrinsicAttributes & { children: ReactNode; }'.
src/components/chatbox/__tests__/accessibility.test.tsx(101,26): error TS2322: Type '{ children: Element; profileData: { experience: never[]; skills: never[]; certifications: never[]; languages: never[]; }; }' is not assignable to type 'IntrinsicAttributes & { children: ReactNode; }'.
  Property 'profileData' does not exist on type 'IntrinsicAttributes & { children: ReactNode; }'.
src/components/chatbox/__tests__/accessibility.test.tsx(114,26): error TS2322: Type '{ children: Element; profileData: { experience: never[]; skills: never[]; certifications: never[]; languages: never[]; }; }' is not assignable to type 'IntrinsicAttributes & { children: ReactNode; }'.
  Property 'profileData' does not exist on type 'IntrinsicAttributes & { children: ReactNode; }'.
src/components/chatbox/__tests__/accessibility.test.tsx(132,26): error TS2322: Type '{ children: Element; profileData: { experience: never[]; skills: never[]; certifications: never[]; languages: never[]; }; }' is not assignable to type 'IntrinsicAttributes & { children: ReactNode; }'.
  Property 'profileData' does not exist on type 'IntrinsicAttributes & { children: ReactNode; }'.
src/components/chatbox/__tests__/accessibility.test.tsx(151,23): error TS2339: Property 'toHaveNoViolations' does not exist on type 'JestMatchers<any>'.
src/components/chatbox/__tests__/accessibility.test.tsx(243,23): error TS2339: Property 'toHaveNoViolations' does not exist on type 'JestMatchers<any>'.
src/components/chatbox/__tests__/accessibility.test.tsx(301,23): error TS2339: Property 'toHaveNoViolations' does not exist on type 'JestMatchers<any>'.
src/components/chatbox/__tests__/accessibility.test.tsx(340,26): error TS2322: Type '{ children: Element; profileData: { experience: never[]; skills: never[]; certifications: never[]; languages: never[]; }; }' is not assignable to type 'IntrinsicAttributes & { children: ReactNode; }'.
  Property 'profileData' does not exist on type 'IntrinsicAttributes & { children: ReactNode; }'.
src/components/chatbox/__tests__/accessibility.test.tsx(346,23): error TS2339: Property 'toHaveNoViolations' does not exist on type 'JestMatchers<any>'.
src/components/chatbox/__tests__/accessibility.test.tsx(353,26): error TS2322: Type '{ children: Element; profileData: { experience: never[]; skills: never[]; certifications: never[]; languages: never[]; }; }' is not assignable to type 'IntrinsicAttributes & { children: ReactNode; }'.
  Property 'profileData' does not exist on type 'IntrinsicAttributes & { children: ReactNode; }'.
src/components/chatbox/__tests__/accessibility.test.tsx(371,26): error TS2322: Type '{ children: Element; profileData: { experience: never[]; skills: never[]; certifications: never[]; languages: never[]; }; }' is not assignable to type 'IntrinsicAttributes & { children: ReactNode; }'.
  Property 'profileData' does not exist on type 'IntrinsicAttributes & { children: ReactNode; }'.
src/components/chatbox/__tests__/accessibility.test.tsx(382,26): error TS2322: Type '{ children: Element; profileData: { experience: never[]; skills: never[]; certifications: never[]; languages: never[]; }; }' is not assignable to type 'IntrinsicAttributes & { children: ReactNode; }'.
  Property 'profileData' does not exist on type 'IntrinsicAttributes & { children: ReactNode; }'.
src/components/chatbox/__tests__/accessibility.test.tsx(397,26): error TS2322: Type '{ children: Element; profileData: { experience: never[]; skills: never[]; certifications: never[]; languages: never[]; }; }' is not assignable to type 'IntrinsicAttributes & { children: ReactNode; }'.
  Property 'profileData' does not exist on type 'IntrinsicAttributes & { children: ReactNode; }'.
src/components/chatbox/__tests__/accessibility.test.tsx(410,26): error TS2322: Type '{ children: Element; profileData: { experience: never[]; skills: never[]; certifications: never[]; languages: never[]; }; }' is not assignable to type 'IntrinsicAttributes & { children: ReactNode; }'.
  Property 'profileData' does not exist on type 'IntrinsicAttributes & { children: ReactNode; }'.
src/components/chatbox/__tests__/accessibility.test.tsx(432,26): error TS2322: Type '{ children: Element; profileData: { experience: never[]; skills: never[]; certifications: never[]; languages: never[]; }; }' is not assignable to type 'IntrinsicAttributes & { children: ReactNode; }'.
  Property 'profileData' does not exist on type 'IntrinsicAttributes & { children: ReactNode; }'.
src/components/chatbox/__tests__/accessibility.test.tsx(438,23): error TS2339: Property 'toHaveNoViolations' does not exist on type 'JestMatchers<any>'.
src/components/chatbox/__tests__/accessibility.test.tsx(443,26): error TS2322: Type '{ children: Element; profileData: { experience: never[]; skills: never[]; certifications: never[]; languages: never[]; }; }' is not assignable to type 'IntrinsicAttributes & { children: ReactNode; }'.
  Property 'profileData' does not exist on type 'IntrinsicAttributes & { children: ReactNode; }'.
src/components/chatbox/__tests__/business-suggestion.test.tsx(183,41): error TS2345: Argument of type 'BusinessSuggestion' is not assignable to parameter of type 'Record<string, unknown>'.
  Index signature for type 'string' is missing in type 'BusinessSuggestion'.
src/components/chatbox/__tests__/ChatboxControls.test.tsx(201,5): error TS2322: Type '"analyzing"' is not assignable to type '"idle"'.
src/components/chatbox/__tests__/ChatboxControls.test.tsx(216,5): error TS2322: Type 'null' is not assignable to type '{ experience: never[]; skills: never[]; certifications: never[]; languages: never[]; }'.
src/components/chatbox/__tests__/ChatboxProvider.test.tsx(58,15): error TS2322: Type '(analysisType?: AnalysisType | undefined) => void' is not assignable to type 'MouseEventHandler<HTMLButtonElement>'.
  Types of parameters 'analysisType' and 'event' are incompatible.
    Type 'MouseEvent<HTMLButtonElement, MouseEvent>' is not assignable to type 'AnalysisType | undefined'.
src/components/chatbox/__tests__/ChatboxProvider.test.tsx(64,9): error TS2353: Object literal may only specify known properties, and 'id' does not exist in type 'Omit<ChatboxMessageData, "id" | "timestamp">'.
src/components/chatbox/__tests__/ChatboxProvider.test.tsx(166,24): error TS2322: Type '{ children: Element; profileData: { experience: never[]; skills: never[]; certifications: never[]; languages: never[]; }; }' is not assignable to type 'IntrinsicAttributes & { children: ReactNode; }'.
  Property 'profileData' does not exist on type 'IntrinsicAttributes & { children: ReactNode; }'.
src/components/chatbox/__tests__/ChatboxProvider.test.tsx(202,24): error TS2322: Type '{ children: Element; profileData: { experience: never[]; skills: never[]; certifications: never[]; languages: never[]; }; }' is not assignable to type 'IntrinsicAttributes & { children: ReactNode; }'.
  Property 'profileData' does not exist on type 'IntrinsicAttributes & { children: ReactNode; }'.
src/components/chatbox/__tests__/ChatboxProvider.test.tsx(231,24): error TS2322: Type '{ children: Element; profileData: { experience: never[]; skills: never[]; certifications: never[]; languages: never[]; }; }' is not assignable to type 'IntrinsicAttributes & { children: ReactNode; }'.
  Property 'profileData' does not exist on type 'IntrinsicAttributes & { children: ReactNode; }'.
src/components/chatbox/__tests__/ChatboxProvider.test.tsx(272,24): error TS2322: Type '{ children: Element; plugins: { id: string; name: string; isActive: boolean; }[]; }' is not assignable to type 'IntrinsicAttributes & { children: ReactNode; }'.
  Property 'plugins' does not exist on type 'IntrinsicAttributes & { children: ReactNode; }'.
src/components/chatbox/__tests__/ChatboxProvider.test.tsx(297,58): error TS7006: Parameter 'config' implicitly has an 'any' type.
src/components/chatbox/__tests__/ChatboxProvider.test.tsx(297,66): error TS7006: Parameter 'profileData' implicitly has an 'any' type.
src/components/chatbox/__tests__/ChatboxProvider.test.tsx(297,79): error TS7006: Parameter 'onProgress' implicitly has an 'any' type.
src/components/chatbox/__tests__/ChatboxProvider.test.tsx(321,24): error TS2322: Type '{ children: Element; profileData: { experience: never[]; skills: never[]; certifications: never[]; languages: never[]; }; }' is not assignable to type 'IntrinsicAttributes & { children: ReactNode; }'.
  Property 'profileData' does not exist on type 'IntrinsicAttributes & { children: ReactNode; }'.
src/components/chatbox/__tests__/ChatboxProvider.test.tsx(374,24): error TS2322: Type '{ children: Element; profileData: null; }' is not assignable to type 'IntrinsicAttributes & { children: ReactNode; }'.
  Property 'profileData' does not exist on type 'IntrinsicAttributes & { children: ReactNode; }'.
src/components/chatbox/__tests__/integration.test.tsx(114,24): error TS2322: Type '{ children: Element; profileData: { experience: { title: string; company: string; duration: string; description: string; }[]; skills: { category: string; items: string[]; }[]; certifications: never[]; languages: { ...; }[]; }; }' is not assignable to type 'IntrinsicAttributes & { children: ReactNode; }'.
  Property 'profileData' does not exist on type 'IntrinsicAttributes & { children: ReactNode; }'.
src/components/chatbox/__tests__/integration.test.tsx(157,24): error TS2322: Type '{ children: Element; profileData: { experience: { title: string; company: string; duration: string; description: string; }[]; skills: { category: string; items: string[]; }[]; certifications: never[]; languages: { ...; }[]; }; }' is not assignable to type 'IntrinsicAttributes & { children: ReactNode; }'.
  Property 'profileData' does not exist on type 'IntrinsicAttributes & { children: ReactNode; }'.
src/components/chatbox/__tests__/integration.test.tsx(182,24): error TS2322: Type '{ children: Element; profileData: { experience: { title: string; company: string; duration: string; description: string; }[]; skills: { category: string; items: string[]; }[]; certifications: never[]; languages: { ...; }[]; }; }' is not assignable to type 'IntrinsicAttributes & { children: ReactNode; }'.
  Property 'profileData' does not exist on type 'IntrinsicAttributes & { children: ReactNode; }'.
src/components/chatbox/__tests__/integration.test.tsx(209,24): error TS2322: Type '{ children: Element; profileData: { experience: { title: string; company: string; duration: string; description: string; }[]; skills: { category: string; items: string[]; }[]; certifications: never[]; languages: { ...; }[]; }; }' is not assignable to type 'IntrinsicAttributes & { children: ReactNode; }'.
  Property 'profileData' does not exist on type 'IntrinsicAttributes & { children: ReactNode; }'.
src/components/chatbox/__tests__/integration.test.tsx(240,24): error TS2322: Type '{ children: Element; profileData: { experience: { title: string; company: string; duration: string; description: string; }[]; skills: { category: string; items: string[]; }[]; certifications: never[]; languages: { ...; }[]; }; }' is not assignable to type 'IntrinsicAttributes & { children: ReactNode; }'.
  Property 'profileData' does not exist on type 'IntrinsicAttributes & { children: ReactNode; }'.
src/components/chatbox/__tests__/integration.test.tsx(270,24): error TS2322: Type '{ children: Element; profileData: { experience: { title: string; company: string; duration: string; description: string; }[]; skills: { category: string; items: string[]; }[]; certifications: never[]; languages: { ...; }[]; }; }' is not assignable to type 'IntrinsicAttributes & { children: ReactNode; }'.
  Property 'profileData' does not exist on type 'IntrinsicAttributes & { children: ReactNode; }'.
src/components/chatbox/__tests__/integration.test.tsx(284,24): error TS2322: Type '{ children: Element; profileData: { experience: { title: string; company: string; duration: string; description: string; }[]; skills: { category: string; items: string[]; }[]; certifications: never[]; languages: { ...; }[]; }; }' is not assignable to type 'IntrinsicAttributes & { children: ReactNode; }'.
  Property 'profileData' does not exist on type 'IntrinsicAttributes & { children: ReactNode; }'.
src/components/chatbox/__tests__/integration.test.tsx(294,24): error TS2322: Type '{ children: Element; profileData: null; }' is not assignable to type 'IntrinsicAttributes & { children: ReactNode; }'.
  Property 'profileData' does not exist on type 'IntrinsicAttributes & { children: ReactNode; }'.
src/components/chatbox/__tests__/integration.test.tsx(304,24): error TS2322: Type '{ children: Element; profileData: { experience: { title: string; company: string; duration: string; description: string; }[]; skills: { category: string; items: string[]; }[]; certifications: never[]; languages: { ...; }[]; }; }' is not assignable to type 'IntrinsicAttributes & { children: ReactNode; }'.
  Property 'profileData' does not exist on type 'IntrinsicAttributes & { children: ReactNode; }'.
src/components/chatbox/__tests__/integration.test.tsx(342,24): error TS2322: Type '{ children: Element; profileData: { experience: { title: string; company: string; duration: string; description: string; }[]; skills: { category: string; items: string[]; }[]; certifications: never[]; languages: { ...; }[]; }; }' is not assignable to type 'IntrinsicAttributes & { children: ReactNode; }'.
  Property 'profileData' does not exist on type 'IntrinsicAttributes & { children: ReactNode; }'.
src/components/chatbox/__tests__/integration.test.tsx(375,58): error TS7006: Parameter 'config' implicitly has an 'any' type.
src/components/chatbox/__tests__/integration.test.tsx(375,66): error TS7006: Parameter 'profileData' implicitly has an 'any' type.
src/components/chatbox/__tests__/integration.test.tsx(375,79): error TS7006: Parameter 'onProgress' implicitly has an 'any' type.
src/components/chatbox/__tests__/integration.test.tsx(393,24): error TS2322: Type '{ children: Element; profileData: { experience: { title: string; company: string; duration: string; description: string; }[]; skills: { category: string; items: string[]; }[]; certifications: never[]; languages: { ...; }[]; }; }' is not assignable to type 'IntrinsicAttributes & { children: ReactNode; }'.
  Property 'profileData' does not exist on type 'IntrinsicAttributes & { children: ReactNode; }'.
src/components/chatbox/__tests__/integration.test.tsx(421,24): error TS2322: Type '{ children: Element; profileData: { experience: { title: string; company: string; duration: string; description: string; }[]; skills: { category: string; items: string[]; }[]; certifications: never[]; languages: { ...; }[]; }; }' is not assignable to type 'IntrinsicAttributes & { children: ReactNode; }'.
  Property 'profileData' does not exist on type 'IntrinsicAttributes & { children: ReactNode; }'.
src/components/chatbox/ChatboxErrorBoundary.tsx(199,33): error TS2339: Property 'retryable' does not exist on type '{ title: string; description: string; action: string; retryable: boolean; } | { title: string; description: string; action: string; }'.
  Property 'retryable' does not exist on type '{ title: string; description: string; action: string; }'.
src/components/chatbox/ChatboxProvider.tsx(743,9): error TS2739: Type '{ meta: { ideaId: string; title: string; category: string; version: string; createdAt: string; }; formattedContent: string; rawContent: string; }' is missing the following properties from type 'ImplementationPlan': overview, phases, tasks
src/components/chatbox/ChatboxProvider.tsx(782,9): error TS2739: Type '{ meta: { ideaId: string; title: string; category: string; version: string; createdAt: string; }; formattedContent: string; rawContent: string; }' is missing the following properties from type 'ImplementationPlan': overview, phases, tasks
src/components/chatbox/hooks/useCacheManager.ts(297,17): error TS2554: Expected 1 arguments, but got 0.
src/components/chatbox/hooks/useCacheManager.ts(387,7): error TS2322: Type 'undefined' is not assignable to type 'LRUCache<AnalysisResult>'.
src/components/chatbox/hooks/useProfileChangeDetection.ts(88,9): error TS2353: Object literal may only specify known properties, and 'id' does not exist in type 'Omit<ChatboxMessageData, "id" | "timestamp">'.
src/components/chatbox/hooks/useProfileIntegration.ts(5,37): error TS2440: Import declaration conflicts with local declaration of 'ProfileAnalysisData'.
src/components/chatbox/hooks/useProfileIntegration.ts(48,29): error TS2554: Expected 0 arguments, but got 2.
src/components/chatbox/hooks/useProfileIntegration.ts(99,27): error TS2554: Expected 0 arguments, but got 2.
src/components/chatbox/hooks/useStreamingMessage.ts(36,60): error TS2552: Cannot find name 'ChatboxMessage'. Did you mean 'ChatboxMessageData'?
src/components/chatbox/hooks/useStreamingMessage.ts(41,20): error TS2552: Cannot find name 'ChatboxMessage'. Did you mean 'ChatboxMessageData'?
src/components/chatbox/hooks/useStreamingMessage.ts(90,29): error TS2552: Cannot find name 'ChatboxMessage'. Did you mean 'ChatboxMessageData'?
src/components/chatbox/utils/__tests__/content-processor.test.ts(14,22): error TS2552: Cannot find name 'ChatboxMessage'. Did you mean 'ChatboxMessageData'?
src/components/chatbox/utils/provider-utils.ts(23,57): error TS2339: Property 'supportedModels' does not exist on type 'AnalysisConfig'.
src/components/cost-analysis/CostComparisonChart.tsx(90,21): error TS2532: Object is possibly 'undefined'.
src/components/cost-analysis/CostComparisonChart.tsx(216,23): error TS2532: Object is possibly 'undefined'.
src/components/cost-analysis/CostComparisonChart.tsx(218,23): error TS2532: Object is possibly 'undefined'.
src/components/cost-analysis/CostComparisonChart.tsx(241,23): error TS2532: Object is possibly 'undefined'.
src/components/cost-analysis/CostComparisonChart.tsx(241,55): error TS2532: Object is possibly 'undefined'.
src/components/debug/DebugConsole.tsx(101,13): error TS2345: Argument of type '() => () => boolean' is not assignable to parameter of type 'EffectCallback'.
  Type '() => boolean' is not assignable to type 'void | Destructor'.
    Type '() => boolean' is not assignable to type 'Destructor'.
      Type 'boolean' is not assignable to type 'void | { [UNDEFINED_VOID_ONLY]: never; }'.
src/components/jobloss/__tests__/JobLossResults.test.tsx(3,8): error TS2613: Module '"C:/Users/fecajilig/Desktop/backup/src/components/jobloss/JobLossResults"' has no default export. Did you mean to use 'import { JobLossResults } from "C:/Users/fecajilig/Desktop/backup/src/components/jobloss/JobLossResults"' instead?
src/components/jobloss/__tests__/JobLossSearch.test.tsx(3,8): error TS2613: Module '"C:/Users/fecajilig/Desktop/backup/src/components/jobloss/JobLossSearch"' has no default export. Did you mean to use 'import { JobLossSearch } from "C:/Users/fecajilig/Desktop/backup/src/components/jobloss/JobLossSearch"' instead?
src/components/jobloss/JobLossAnalysis.tsx(73,12): error TS2769: No overload matches this call.
  Overload 1 of 2, '(props: { component: ElementType<any, keyof IntrinsicElements>; } & GridBaseProps & { sx?: SxProps<Theme> | undefined; } & SystemProps<...> & Omit<...>): Element | null', gave the following error.
    Property 'component' is missing in type '{ children: Element; item: true; xs: number; key: string; }' but required in type '{ component: ElementType<any, keyof IntrinsicElements>; }'.
  Overload 2 of 2, '(props: DefaultComponentProps<GridTypeMap<{}, "div">>): Element | null', gave the following error.
    Type '{ children: Element; item: true; xs: number; key: string; }' is not assignable to type 'IntrinsicAttributes & GridBaseProps & { sx?: SxProps<Theme> | undefined; } & SystemProps<Theme> & Omit<...>'.
      Property 'item' does not exist on type 'IntrinsicAttributes & GridBaseProps & { sx?: SxProps<Theme> | undefined; } & SystemProps<Theme> & Omit<...>'.
src/components/jobloss/JobLossAnalysis.tsx(106,20): error TS2769: No overload matches this call.
  Overload 1 of 2, '(props: { component: ElementType<any, keyof IntrinsicElements>; } & GridBaseProps & { sx?: SxProps<Theme> | undefined; } & SystemProps<...> & Omit<...>): Element | null', gave the following error.
    Property 'component' is missing in type '{ children: Element; item: true; xs: number; md: number; }' but required in type '{ component: ElementType<any, keyof IntrinsicElements>; }'.
  Overload 2 of 2, '(props: DefaultComponentProps<GridTypeMap<{}, "div">>): Element | null', gave the following error.
    Type '{ children: Element; item: true; xs: number; md: number; }' is not assignable to type 'IntrinsicAttributes & GridBaseProps & { sx?: SxProps<Theme> | undefined; } & SystemProps<Theme> & Omit<...>'.
      Property 'item' does not exist on type 'IntrinsicAttributes & GridBaseProps & { sx?: SxProps<Theme> | undefined; } & SystemProps<Theme> & Omit<...>'.
src/components/jobloss/JobLossAnalysis.tsx(130,20): error TS2769: No overload matches this call.
  Overload 1 of 2, '(props: { component: ElementType<any, keyof IntrinsicElements>; } & GridBaseProps & { sx?: SxProps<Theme> | undefined; } & SystemProps<...> & Omit<...>): Element | null', gave the following error.
    Property 'component' is missing in type '{ children: Element; item: true; xs: number; md: number; }' but required in type '{ component: ElementType<any, keyof IntrinsicElements>; }'.
  Overload 2 of 2, '(props: DefaultComponentProps<GridTypeMap<{}, "div">>): Element | null', gave the following error.
    Type '{ children: Element; item: true; xs: number; md: number; }' is not assignable to type 'IntrinsicAttributes & GridBaseProps & { sx?: SxProps<Theme> | undefined; } & SystemProps<Theme> & Omit<...>'.
      Property 'item' does not exist on type 'IntrinsicAttributes & GridBaseProps & { sx?: SxProps<Theme> | undefined; } & SystemProps<Theme> & Omit<...>'.
src/components/quiz/ApiKeyInput.tsx(147,17): error TS2353: Object literal may only specify known properties, and '':hover'' does not exist in type 'Properties<string | number, string & {}>'.
src/components/research/__tests__/error-boundary.test.tsx(4,31): error TS2307: Cannot find module 'react-error-boundary' or its corresponding type declarations.
src/components/unified/ResultsPanel.tsx(529,23): error TS2322: Type 'number | null' is not assignable to type 'number | undefined'.
  Type 'null' is not assignable to type 'number | undefined'.
src/components/unified/ResultsPanel.tsx(530,23): error TS2322: Type 'number | null' is not assignable to type 'number | undefined'.
  Type 'null' is not assignable to type 'number | undefined'.
src/components/visualization/d3/MultiDimensionalD3.tsx(81,25): error TS2769: No overload matches this call.
  Overload 1 of 3, '(typenames: string, listener: null): Selection<BaseType, unknown, SVGSVGElement, unknown>', gave the following error.
    Argument of type '(this: BaseType, event: any, d: MultiDimensionalData) => void' is not assignable to parameter of type 'null'.
  Overload 2 of 3, '(typenames: string, listener: (this: BaseType, event: any, d: unknown) => void, options?: any): Selection<BaseType, unknown, SVGSVGElement, unknown>', gave the following error.
    Argument of type '(this: BaseType, event: any, d: MultiDimensionalData) => void' is not assignable to parameter of type '(this: BaseType, event: any, d: unknown) => void'.
      Types of parameters 'd' and 'd' are incompatible.
        Type 'unknown' is not assignable to type 'MultiDimensionalData'.
src/components/visualization/d3/MultiDimensionalD3.tsx(102,20): error TS2769: No overload matches this call.
  Overload 1 of 3, '(typenames: string, listener: null): Selection<BaseType, unknown, SVGSVGElement, unknown> & ((this: BaseType, event: any, d: unknown) => void)', gave the following error.
    Argument of type '(this: BaseType, event: any, d: MultiDimensionalData) => void' is not assignable to parameter of type 'null'.
  Overload 2 of 3, '(typenames: string, listener: (this: BaseType, event: any, d: unknown) => void, options?: any): Selection<BaseType, unknown, SVGSVGElement, unknown> & ((this: BaseType, event: any, d: unknown) => void)', gave the following error.
    Argument of type '(this: BaseType, event: any, d: MultiDimensionalData) => void' is not assignable to parameter of type '(this: BaseType, event: any, d: unknown) => void'.
      Types of parameters 'd' and 'd' are incompatible.
        Type 'unknown' is not assignable to type 'MultiDimensionalData'.
src/features/implementation-plan/chat/ImplementationPlanChat.tsx(68,9): error TS2322: Type '{ messages: ChatMessage[]; currentPhase: "completed" | "error" | "idle" | "generating-outline" | "awaiting-approval" | "generating-plan"; isStreaming: (messageId: string) => boolean | undefined; error: string | undefined; outline: any; plan: any; }' is not assignable to type 'ChatState'.
  Types of property 'isStreaming' are incompatible.
    Type '(messageId: string) => boolean | undefined' is not assignable to type 'boolean'.
src/features/implementation-plan/chat/ImplementationPlanChat.tsx(77,28): error TS2774: This condition will always return true since this function is always defined. Did you mean to call it instead?
src/features/implementation-plan/chat/index.ts(5,10): error TS2300: Duplicate identifier 'ChatMessageRenderer'.
src/features/implementation-plan/chat/index.ts(6,10): error TS2300: Duplicate identifier 'ChatContentArea'.
src/features/implementation-plan/chat/index.ts(7,10): error TS2300: Duplicate identifier 'ProgressSidebar'.
src/features/implementation-plan/chat/index.ts(8,10): error TS2300: Duplicate identifier 'ChatLayout'.
src/features/implementation-plan/chat/index.ts(11,10): error TS2300: Duplicate identifier 'useChatHistory'.
src/features/implementation-plan/chat/index.ts(12,10): error TS2300: Duplicate identifier 'useStreamingMessage'.
src/features/implementation-plan/chat/index.ts(13,10): error TS2300: Duplicate identifier 'useTwoPhaseGeneration'.
src/features/implementation-plan/chat/index.ts(21,10): error TS2300: Duplicate identifier 'ImplementationPlanChat'.
src/features/implementation-plan/chat/index.ts(22,10): error TS2300: Duplicate identifier 'ChatErrorBoundary'.
src/features/implementation-plan/chat/index.ts(23,10): error TS2300: Duplicate identifier 'TestChatImplementation'.
src/features/implementation-plan/chat/index.ts(26,21): error TS2300: Duplicate identifier 'ChatMessageRenderer'.
src/features/implementation-plan/chat/index.ts(27,21): error TS2300: Duplicate identifier 'ChatContentArea'.
src/features/implementation-plan/chat/index.ts(28,21): error TS2300: Duplicate identifier 'ProgressSidebar'.
src/features/implementation-plan/chat/index.ts(29,21): error TS2300: Duplicate identifier 'ChatLayout'.
src/features/implementation-plan/chat/index.ts(30,21): error TS2300: Duplicate identifier 'ImplementationPlanChat'.
src/features/implementation-plan/chat/index.ts(31,21): error TS2300: Duplicate identifier 'ChatErrorBoundary'.
src/features/implementation-plan/chat/index.ts(32,21): error TS2300: Duplicate identifier 'TestChatImplementation'.
src/features/implementation-plan/chat/index.ts(33,21): error TS2300: Duplicate identifier 'useChatHistory'.
src/features/implementation-plan/chat/index.ts(34,21): error TS2300: Duplicate identifier 'useStreamingMessage'.
src/features/implementation-plan/chat/index.ts(35,21): error TS2300: Duplicate identifier 'useTwoPhaseGeneration'.
src/features/implementation-plan/chat/useTwoPhaseGeneration.ts(138,54): error TS2339: Property 'formattedContent' does not exist on type 'ImplementationPlan'.
src/features/implementation-plan/chat/useTwoPhaseGeneration.ts(138,79): error TS2339: Property 'rawContent' does not exist on type 'ImplementationPlan'.
src/hooks/useJobLossTracker.ts(61,13): error TS2554: Expected 1 arguments, but got 0.
src/hooks/useRSSFeedTracker.ts(210,46): error TS2339: Property 'completions' does not exist on type '(request: OpenRouterRequest, options?: { stream?: boolean | undefined; onChunk?: ((chunk: string) => void) | undefined; signal?: AbortSignal | undefined; } | undefined) => Promise<...>'.
src/lib/chatbox/BusinessSuggestionService.ts(97,51): error TS2345: Argument of type '{}' is not assignable to parameter of type 'number'.
src/lib/chatbox/index.ts(20,37): error TS2305: Module '"./initialization"' has no exported member 'getChatboxServiceStatus'.
src/lib/chatbox/ProfileAnalysisProvider.ts(49,25): error TS2339: Property 'current' does not exist on type 'ExperienceEntry'.
src/lib/chatbox/ProfileAnalysisProvider.ts(49,41): error TS2339: Property 'endDate' does not exist on type 'ExperienceEntry'.
src/lib/chatbox/ProfileAnalysisProvider.ts(49,65): error TS2339: Property 'endDate' does not exist on type 'ExperienceEntry'.
src/lib/chatbox/ProfileAnalysisProvider.ts(54,20): error TS2339: Property 'current' does not exist on type 'ExperienceEntry'.
src/lib/chatbox/ProfileAnalysisProvider.ts(62,28): error TS2339: Property 'currentRole' does not exist on type 'ProfileData'.
src/lib/chatbox/ProfileAnalysisProvider.ts(116,44): error TS7006: Parameter 'skill' implicitly has an 'any' type.
src/lib/chatbox/ProfileAnalysisProvider.ts(120,58): error TS7006: Parameter 'exp' implicitly has an 'any' type.
src/lib/chatbox/ProfileAnalysisProvider.ts(124,54): error TS7006: Parameter 'cert' implicitly has an 'any' type.
src/lib/chatbox/ProfileAnalysisProvider.ts(128,44): error TS7006: Parameter 'lang' implicitly has an 'any' type.
src/lib/chatbox/ProfileAnalysisProvider.ts(167,42): error TS7006: Parameter 'skill' implicitly has an 'any' type.
src/lib/chatbox/ProfileAnalysisProvider.ts(171,56): error TS7006: Parameter 'exp' implicitly has an 'any' type.
src/lib/chatbox/ProfileAnalysisProvider.ts(175,52): error TS7006: Parameter 'cert' implicitly has an 'any' type.
src/lib/chatbox/ProfileAnalysisProvider.ts(179,42): error TS7006: Parameter 'lang' implicitly has an 'any' type.
src/lib/chatbox/ProfileAnalysisProvider.ts(302,5): error TS2353: Object literal may only specify known properties, and 'analyzeStreaming' does not exist in type 'ProviderConfig'.
src/lib/chatbox/prompts/BusinessSuggestionPrompts.ts(43,25): error TS2551: Property 'skills' does not exist on type 'ProfileFormData'. Did you mean 'skillset'?
src/lib/chatbox/prompts/BusinessSuggestionPrompts.ts(45,38): error TS2339: Property 'industry' does not exist on type 'ProfileFormData'.
src/lib/chatbox/prompts/BusinessSuggestionPrompts.ts(46,31): error TS2339: Property 'goals' does not exist on type 'ProfileFormData'.
src/lib/chatbox/prompts/BusinessSuggestionPrompts.ts(47,28): error TS2339: Property 'education' does not exist on type 'ProfileFormData'.
src/lib/chatbox/prompts/BusinessSuggestionPrompts.ts(48,27): error TS2339: Property 'location' does not exist on type 'ProfileFormData'.
src/lib/chatbox/test-utils.ts(10,7): error TS2322: Type '"working_full_time"' is not assignable to type 'ProfileType'.
src/lib/chatbox/test-utils.ts(13,7): error TS2322: Type 'number' is not assignable to type 'string'.
src/lib/chatbox/test-utils.ts(21,9): error TS2353: Object literal may only specify known properties, and 'startDate' does not exist in type 'ExperienceEntry'.
src/lib/chatbox/test-utils.ts(32,9): error TS2353: Object literal may only specify known properties, and 'startDate' does not exist in type 'ExperienceEntry'.
src/lib/chatbox/test-utils.ts(175,38): error TS2339: Property 'getChatboxServiceStatus' does not exist on type 'typeof import("C:/Users/fecajilig/Desktop/backup/src/lib/chatbox/initialization")'.
src/lib/cost-analysis/service/CostAnalysisService.ts(348,73): error TS2345: Argument of type '{ tokenCosts: number; infrastructureCosts: number; maintenanceCosts: number; total: number; }' is not assignable to parameter of type '{ tokenCosts: number; infrastructure: number; maintenance: number; total: number; }'.
  Type '{ tokenCosts: number; infrastructureCosts: number; maintenanceCosts: number; total: number; }' is missing the following properties from type '{ tokenCosts: number; infrastructure: number; maintenance: number; total: number; }': infrastructure, maintenance
src/lib/openrouter/analysis/NewsAnalyzer.ts(106,43): error TS18046: 'error' is of type 'unknown'.
src/lib/openrouter/analysis/NewsAnalyzer.ts(125,18): error TS18046: 'error' is of type 'unknown'.
src/lib/research/__tests__/integration.test.ts(240,14): error TS2531: Object is possibly 'null'.
src/lib/research/__tests__/integration.test.ts(240,25): error TS2339: Property 'length' does not exist on type 'any[] | OccupationRisk'.
  Property 'length' does not exist on type 'OccupationRisk'.
src/lib/research/__tests__/integration.test.ts(241,14): error TS2531: Object is possibly 'null'.
src/lib/research/__tests__/integration.test.ts(241,25): error TS2339: Property 'length' does not exist on type 'any[] | OccupationRisk'.
  Property 'length' does not exist on type 'OccupationRisk'.
src/lib/research/__tests__/integration.test.ts(242,14): error TS2531: Object is possibly 'null'.
src/lib/research/__tests__/integration.test.ts(242,25): error TS2339: Property 'length' does not exist on type 'any[] | OccupationRisk'.
  Property 'length' does not exist on type 'OccupationRisk'.
src/lib/research/service/assessment-integration.ts(227,7): error TS2353: Object literal may only specify known properties, and 'socCode' does not exist in type 'OccupationData'.
src/lib/research/service/cache-manager.ts(261,28): error TS2341: Property 'cache' is private and only accessible within class 'CacheManager'.
src/lib/research/service/cache-manager.ts(273,28): error TS2341: Property 'cache' is private and only accessible within class 'CacheManager'.
src/pages/joblosstracker.tsx(14,5): error TS2339: Property 'searchQuery' does not exist on type '{ articles: RSSArticle[]; selectedArticles: string[]; analysisResults: AnalysisResult[]; isLoading: boolean; error: string | null; searchArticles: (query: string, filters?: any) => Promise<...>; ... 9 more ...; setSortBy: (sort: "date" | ... 1 more ... | "analysis") => void; }'.
src/pages/joblosstracker.tsx(15,5): error TS2339: Property 'searchResults' does not exist on type '{ articles: RSSArticle[]; selectedArticles: string[]; analysisResults: AnalysisResult[]; isLoading: boolean; error: string | null; searchArticles: (query: string, filters?: any) => Promise<...>; ... 9 more ...; setSortBy: (sort: "date" | ... 1 more ... | "analysis") => void; }'.
src/pages/joblosstracker.tsx(18,5): error TS2339: Property 'selectedItems' does not exist on type '{ articles: RSSArticle[]; selectedArticles: string[]; analysisResults: AnalysisResult[]; isLoading: boolean; error: string | null; searchArticles: (query: string, filters?: any) => Promise<...>; ... 9 more ...; setSortBy: (sort: "date" | ... 1 more ... | "analysis") => void; }'.
src/pages/joblosstracker.tsx(20,5): error TS2339: Property 'setSearchQuery' does not exist on type '{ articles: RSSArticle[]; selectedArticles: string[]; analysisResults: AnalysisResult[]; isLoading: boolean; error: string | null; searchArticles: (query: string, filters?: any) => Promise<...>; ... 9 more ...; setSortBy: (sort: "date" | ... 1 more ... | "analysis") => void; }'.
src/pages/joblosstracker.tsx(21,5): error TS2339: Property 'searchNews' does not exist on type '{ articles: RSSArticle[]; selectedArticles: string[]; analysisResults: AnalysisResult[]; isLoading: boolean; error: string | null; searchArticles: (query: string, filters?: any) => Promise<...>; ... 9 more ...; setSortBy: (sort: "date" | ... 1 more ... | "analysis") => void; }'.
src/pages/joblosstracker.tsx(22,5): error TS2339: Property 'toggleSelectItem' does not exist on type '{ articles: RSSArticle[]; selectedArticles: string[]; analysisResults: AnalysisResult[]; isLoading: boolean; error: string | null; searchArticles: (query: string, filters?: any) => Promise<...>; ... 9 more ...; setSortBy: (sort: "date" | ... 1 more ... | "analysis") => void; }'.
src/pages/joblosstracker.tsx(74,42): error TS2352: Conversion of type 'import("C:/Users/fecajilig/Desktop/backup/src/lib/rss/types").AnalysisResult[]' to type 'import("C:/Users/fecajilig/Desktop/backup/src/types/jobloss").AnalysisResult[]' may be a mistake because neither type sufficiently overlaps with the other. If this was intentional, convert the expression to 'unknown' first.
  Type 'AnalysisResult' is missing the following properties from type 'AnalysisResult': id, summary, jobLossCount, timestamp
src/store/useJobLossStore.ts(202,5): error TS2554: Expected 0-1 arguments, but got 2.
src/store/useJobLossStore.ts(202,6): error TS7006: Parameter 'a' implicitly has an 'any' type.
src/store/useJobLossStore.ts(202,9): error TS7006: Parameter 'b' implicitly has an 'any' type.
src/store/useJobLossStore.ts(220,5): error TS2554: Expected 0-1 arguments, but got 2.
src/store/useJobLossStore.ts(220,6): error TS7006: Parameter 'a' implicitly has an 'any' type.
src/store/useJobLossStore.ts(220,9): error TS7006: Parameter 'b' implicitly has an 'any' type.
src/store/useJobLossStore.ts(235,5): error TS2554: Expected 0-1 arguments, but got 2.
src/store/useJobLossStore.ts(235,6): error TS7006: Parameter 'a' implicitly has an 'any' type.
src/store/useJobLossStore.ts(235,9): error TS7006: Parameter 'b' implicitly has an 'any' type.
src/store/useJobLossStore.ts(250,5): error TS2554: Expected 0-1 arguments, but got 2.
src/store/useJobLossStore.ts(250,6): error TS7006: Parameter 'a' implicitly has an 'any' type.
src/store/useJobLossStore.ts(250,9): error TS7006: Parameter 'b' implicitly has an 'any' type.
